2026-05-30 18:11:04,206 [INFO] Программа запущена.
2026-05-30 18:15:51,921 [INFO] Программа запущена.
2026-05-30 18:16:09,510 [INFO] Программа запущена.
2026-05-30 18:16:14,094 [INFO] Программа запущена.
2026-05-30 18:16:17,493 [INFO] Программа запущена.
2026-05-30 18:16:19,861 [INFO] Программа запущена.
2026-05-30 18:16:20,813 [INFO] Программа запущена.
2026-05-30 18:16:36,200 [INFO] Программа запущена.
2026-05-30 18:18:25,628 [INFO] Программа запущена.
2026-05-30 18:19:41,719 [INFO] Начало создания образа. Источник: C:/Users/Lenovo/Desktop/особенности расслед, Назначение: C:/Users/Lenovo/Desktop/1111.img
2026-05-30 18:19:43,306 [INFO] Операция успешно завершена!
2026-05-30 18:20:26,772 [INFO] Начало восстановления. Источник: C:/Users/Lenovo/Desktop/1111.img, Папка: C:/Users/Lenovo/Desktop/recovery, Типы: {'jpg': False, 'png': False, 'pdf': True, 'zip': False, 'docx': True}
2026-05-30 18:20:26,810 [INFO] Найден файл: C:/Users/Lenovo/Desktop/recovery\recovered_1.docx, Смещение: 0, Статус: Успешно
2026-05-30 18:20:26,834 [INFO] Найден файл: C:/Users/Lenovo/Desktop/recovery\recovered_2.docx, Смещение: 34816, Статус: Успешно
2026-05-30 18:20:26,855 [INFO] Найден файл: C:/Users/Lenovo/Desktop/recovery\recovered_3.docx, Смещение: 56832, Статус: Успешно
2026-05-30 18:20:26,875 [INFO] Найден файл: C:/Users/Lenovo/Desktop/recovery\recovered_4.docx, Смещение: 80384, Статус: Успешно
2026-05-30 18:20:26,896 [INFO] Найден файл: C:/Users/Lenovo/Desktop/recovery\recovered_5.docx, Смещение: 111104, Статус: Успешно
2026-05-30 18:20:26,919 [INFO] Найден файл: C:/Users/Lenovo/Desktop/recovery\recovered_6.docx, Смещение: 132608, Статус: Успешно
2026-05-30 18:20:26,940 [INFO] Найден файл: C:/Users/Lenovo/Desktop/recovery\recovered_7.docx, Смещение: 155136, Статус: Успешно
2026-05-30 18:20:30,305 [INFO] Операция успешно завершена!
2026-05-30 18:22:45,270 [INFO] Программа запущена.
2026-05-30 18:28:43,855 [INFO] Программа закрыта.
2026-05-30 18:30:05,022 [INFO] Программа запущена.
2026-05-30 18:30:14,377 [INFO] Программа закрыта.
2026-05-30 18:36:01,620 [INFO] Программа запущена.
2026-05-31 03:23:42,539 [INFO] Программа закрыта.
2026-05-31 03:31:20,777 [INFO] Программа запущена.
2026-05-31 03:32:42,358 [INFO] Программа закрыта.
2026-05-31 22:43:07,731 [INFO] Программа запущена.
2026-05-31 22:51:30,114 [INFO] Программа закрыта.
2026-06-01 01:55:07,640 [INFO] Программа запущена.
2026-06-01 02:17:35,444 [INFO] Программа закрыта.
2026-06-01 02:17:38,748 [INFO] Программа запущена.
2026-06-01 02:25:30,991 [INFO] Программа закрыта.
2026-06-01 17:53:47,967 [INFO] Программа запущена.
2026-06-01 17:54:32,891 [INFO] Начало создания образа. Источник: C:/Users/Lenovo/Downloads, Назначение: C:/Users/Lenovo/Desktop/1/1111.img
2026-06-01 17:55:02,060 [INFO] Операция успешно завершена!
2026-06-01 17:55:45,599 [INFO] Начало восстановления. Источник: C:/Users/Lenovo/Desktop/1/1111.img, Папка: C:/Users/Lenovo/Desktop/восстановление, Типы: {'jpg': True, 'png': True, 'pdf': True, 'zip': False, 'docx': True}
2026-06-01 17:55:46,224 [INFO] Найден файл: C:/Users/Lenovo/Desktop/восстановление\recovered_1.docx, Смещение: 219776512, Статус: Успешно
2026-06-01 17:55:46,370 [INFO] Найден файл: C:/Users/Lenovo/Desktop/восстановление\recovered_1.png, Смещение: 225960448, Статус: Успешно
2026-06-01 17:55:46,386 [INFO] Найден файл: C:/Users/Lenovo/Desktop/восстановление\recovered_2.png, Смещение: 227926528, Статус: Успешно
2026-06-01 17:55:46,398 [INFO] Найден файл: C:/Users/Lenovo/Desktop/восстановление\recovered_3.png, Смещение: 227928576, Статус: Успешно
2026-06-01 17:55:46,411 [INFO] Найден файл: C:/Users/Lenovo/Desktop/восстановление\recovered_4.png, Смещение: 227930624, Статус: Успешно
2026-06-01 17:55:46,422 [INFO] Найден файл: C:/Users/Lenovo/Desktop/восстановление\recovered_5.png, Смещение: 227932672, Статус: Успешно
2026-06-01 17:55:46,434 [INFO] Найден файл: C:/Users/Lenovo/Desktop/восстановление\recovered_6.png, Смещение: 227934720, Статус: Успешно
2026-06-01 17:55:46,446 [INFO] Найден файл: C:/Users/Lenovo/Desktop/восстановление\recovered_7.png, Смещение: 227951104, Статус: Успешно
2026-06-01 17:55:46,457 [INFO] Найден файл: C:/Users/Lenovo/Desktop/восстановление\recovered_8.png, Смещение: 227953152, Статус: Успешно
2026-06-01 17:55:46,468 [INFO] Найден файл: C:/Users/Lenovo/Desktop/восстановление\recovered_9.png, Смещение: 227955200, Статус: Успешно
2026-06-01 17:55:46,479 [INFO] Найден файл: C:/Users/Lenovo/Desktop/восстановление\recovered_10.png, Смещение: 227957248, Статус: Успешно
2026-06-01 17:55:46,490 [INFO] Найден файл: C:/Users/Lenovo/Desktop/восстановление\recovered_11.png, Смещение: 227959296, Статус: Успешно
2026-06-01 17:55:46,502 [INFO] Найден файл: C:/Users/Lenovo/Desktop/восстановление\recovered_12.png, Смещение: 227961344, Статус: Успешно
2026-06-01 17:55:46,514 [INFO] Найден файл: C:/Users/Lenovo/Desktop/восстановление\recovered_13.png, Смещение: 227963392, Статус: Успешно
2026-06-01 17:55:46,526 [INFO] Найден файл: C:/Users/Lenovo/Desktop/восстановление\recovered_14.png, Смещение: 227965440, Статус: Успешно
2026-06-01 17:55:46,537 [INFO] Найден файл: C:/Users/Lenovo/Desktop/восстановление\recovered_15.png, Смещение: 227967488, Статус: Успешно
2026-06-01 17:55:46,549 [INFO] Найден файл: C:/Users/Lenovo/Desktop/восстановление\recovered_16.png, Смещение: 227969536, Статус: Успешно
2026-06-01 17:55:46,616 [INFO] Найден файл: C:/Users/Lenovo/Desktop/восстановление\recovered_17.png, Смещение: 227971584, Статус: Успешно
2026-06-01 17:55:47,357 [INFO] Найден файл: C:/Users/Lenovo/Desktop/восстановление\recovered_18.png, Смещение: 583205376, Статус: Успешно
2026-06-01 17:55:47,369 [INFO] Найден файл: C:/Users/Lenovo/Desktop/восстановление\recovered_19.png, Смещение: 583381504, Статус: Успешно
2026-06-01 17:55:47,380 [INFO] Найден файл: C:/Users/Lenovo/Desktop/восстановление\recovered_20.png, Смещение: 583383552, Статус: Успешно
2026-06-01 17:55:47,391 [INFO] Найден файл: C:/Users/Lenovo/Desktop/восстановление\recovered_21.png, Смещение: 583385600, Статус: Успешно
2026-06-01 17:55:47,401 [INFO] Найден файл: C:/Users/Lenovo/Desktop/восстановление\recovered_22.png, Смещение: 583387648, Статус: Успешно
2026-06-01 17:55:47,408 [INFO] Найден файл: C:/Users/Lenovo/Desktop/восстановление\recovered_1.jpg, Смещение: 583389696, Статус: Успешно
2026-06-01 17:55:47,419 [INFO] Найден файл: C:/Users/Lenovo/Desktop/восстановление\recovered_23.png, Смещение: 583399936, Статус: Успешно
2026-06-01 17:55:47,430 [INFO] Найден файл: C:/Users/Lenovo/Desktop/восстановление\recovered_24.png, Смещение: 583408128, Статус: Успешно
2026-06-01 17:55:47,441 [INFO] Найден файл: C:/Users/Lenovo/Desktop/восстановление\recovered_25.png, Смещение: 583459328, Статус: Успешно
2026-06-01 17:55:47,473 [INFO] Найден файл: C:/Users/Lenovo/Desktop/восстановление\recovered_2.jpg, Смещение: 583463424, Статус: Успешно
2026-06-01 17:55:48,673 [INFO] Найден файл: C:/Users/Lenovo/Desktop/восстановление\recovered_1.pdf, Смещение: 1146407936, Статус: Успешно
2026-06-01 17:55:48,692 [INFO] Найден файл: C:/Users/Lenovo/Desktop/восстановление\recovered_26.png, Смещение: 1147332096, Статус: Успешно
2026-06-01 17:55:48,888 [INFO] Найден файл: C:/Users/Lenovo/Desktop/восстановление\recovered_2.pdf, Смещение: 1211628544, Статус: Успешно
2026-06-01 17:55:49,191 [INFO] Найден файл: C:/Users/Lenovo/Desktop/восстановление\recovered_3.pdf, Смещение: 1292714496, Статус: Успешно
2026-06-01 17:55:49,308 [INFO] Найден файл: C:/Users/Lenovo/Desktop/восстановление\recovered_2.docx, Смещение: 1303672320, Статус: Успешно
2026-06-01 17:55:49,427 [INFO] Найден файл: C:/Users/Lenovo/Desktop/восстановление\recovered_3.jpg, Смещение: 1311071232, Статус: Успешно
2026-06-01 17:55:53,153 [INFO] Найден файл: C:/Users/Lenovo/Desktop/восстановление\recovered_27.png, Смещение: 1780890112, Статус: Успешно
2026-06-01 17:55:55,749 [INFO] Найден файл: C:/Users/Lenovo/Desktop/восстановление\recovered_28.png, Смещение: -1396731904, Статус: Успешно
2026-06-01 17:55:55,901 [INFO] Найден файл: C:/Users/Lenovo/Desktop/восстановление\recovered_29.png, Смещение: -1313894912, Статус: Успешно
2026-06-01 17:56:01,952 [INFO] Найден файл: C:/Users/Lenovo/Desktop/восстановление\recovered_4.jpg, Смещение: 1546068480, Статус: Успешно
2026-06-01 17:56:05,607 [INFO] Найден файл: C:/Users/Lenovo/Desktop/восстановление\recovered_30.png, Смещение: -978291712, Статус: Успешно
2026-06-01 17:56:09,813 [INFO] Найден файл: C:/Users/Lenovo/Desktop/восстановление\recovered_3.docx, Смещение: 1032676352, Статус: Успешно
2026-06-01 17:56:10,126 [INFO] Найден файл: C:/Users/Lenovo/Desktop/восстановление\recovered_4.pdf, Смещение: 1131420672, Статус: Успешно
2026-06-01 17:56:10,165 [INFO] Найден файл: C:/Users/Lenovo/Desktop/восстановление\recovered_5.pdf, Смещение: 1131804672, Статус: Успешно
2026-06-01 17:56:10,304 [INFO] Найден файл: C:/Users/Lenovo/Desktop/восстановление\recovered_6.pdf, Смещение: 1157187072, Статус: Успешно
2026-06-01 17:56:10,347 [INFO] Найден файл: C:/Users/Lenovo/Desktop/восстановление\recovered_4.docx, Смещение: 1157410304, Статус: Успешно
2026-06-01 17:56:10,418 [INFO] Найден файл: C:/Users/Lenovo/Desktop/восстановление\recovered_5.docx, Смещение: 1163798528, Статус: Успешно
2026-06-01 17:56:10,452 [INFO] Найден файл: C:/Users/Lenovo/Desktop/восстановление\recovered_6.docx, Смещение: 1166639616, Статус: Успешно
2026-06-01 17:56:10,485 [INFO] Найден файл: C:/Users/Lenovo/Desktop/восстановление\recovered_7.docx, Смещение: 1166663680, Статус: Успешно
2026-06-01 17:56:10,518 [INFO] Найден файл: C:/Users/Lenovo/Desktop/восстановление\recovered_8.docx, Смещение: 1166685696, Статус: Успешно
2026-06-01 17:56:10,563 [INFO] Найден файл: C:/Users/Lenovo/Desktop/восстановление\recovered_31.png, Смещение: 1166734848, Статус: Успешно
2026-06-01 17:56:10,654 [INFO] Найден файл: C:/Users/Lenovo/Desktop/восстановление\recovered_9.docx, Смещение: 1169289728, Статус: Успешно
2026-06-01 17:56:10,688 [INFO] Найден файл: C:/Users/Lenovo/Desktop/восстановление\recovered_10.docx, Смещение: 1180714496, Статус: Успешно
2026-06-01 17:56:10,699 [INFO] Найден файл: C:/Users/Lenovo/Desktop/восстановление\recovered_32.png, Смещение: 1180724736, Статус: Успешно
2026-06-01 17:56:10,719 [INFO] Найден файл: C:/Users/Lenovo/Desktop/восстановление\recovered_7.pdf, Смещение: 1180782080, Статус: Успешно
2026-06-01 17:56:10,740 [INFO] Найден файл: C:/Users/Lenovo/Desktop/восстановление\recovered_8.pdf, Смещение: 1180956160, Статус: Успешно
2026-06-01 17:56:10,760 [INFO] Найден файл: C:/Users/Lenovo/Desktop/восстановление\recovered_9.pdf, Смещение: 1181051904, Статус: Успешно
2026-06-01 17:56:10,781 [INFO] Найден файл: C:/Users/Lenovo/Desktop/восстановление\recovered_10.pdf, Смещение: 1181155840, Статус: Успешно
2026-06-01 17:56:10,798 [INFO] Найден файл: C:/Users/Lenovo/Desktop/восстановление\recovered_11.pdf, Смещение: 1181281280, Статус: Успешно
2026-06-01 17:56:10,816 [INFO] Найден файл: C:/Users/Lenovo/Desktop/восстановление\recovered_12.pdf, Смещение: 1181381632, Статус: Успешно
2026-06-01 17:56:10,833 [INFO] Найден файл: C:/Users/Lenovo/Desktop/восстановление\recovered_13.pdf, Смещение: 1181474304, Статус: Успешно
2026-06-01 17:56:10,865 [INFO] Найден файл: C:/Users/Lenovo/Desktop/восстановление\recovered_11.docx, Смещение: 1181575680, Статус: Успешно
2026-06-01 17:56:10,924 [INFO] Найден файл: C:/Users/Lenovo/Desktop/восстановление\recovered_12.docx, Смещение: 1182235648, Статус: Успешно
2026-06-01 17:56:10,951 [INFO] Найден файл: C:/Users/Lenovo/Desktop/восстановление\recovered_13.docx, Смещение: 1182236672, Статус: Успешно
2026-06-01 17:56:10,980 [INFO] Найден файл: C:/Users/Lenovo/Desktop/восстановление\recovered_14.pdf, Смещение: 1182320640, Статус: Успешно
2026-06-01 17:56:11,011 [INFO] Найден файл: C:/Users/Lenovo/Desktop/восстановление\recovered_14.docx, Смещение: 1183093760, Статус: Успешно
2026-06-01 17:56:11,135 [INFO] Найден файл: C:/Users/Lenovo/Desktop/восстановление\recovered_15.docx, Смещение: 1188397056, Статус: Успешно
2026-06-01 17:56:11,164 [INFO] Найден файл: C:/Users/Lenovo/Desktop/восстановление\recovered_16.docx, Смещение: 1191375872, Статус: Успешно
2026-06-01 17:56:11,191 [INFO] Найден файл: C:/Users/Lenovo/Desktop/восстановление\recovered_17.docx, Смещение: 1191386624, Статус: Успешно
2026-06-01 17:56:11,219 [INFO] Найден файл: C:/Users/Lenovo/Desktop/восстановление\recovered_18.docx, Смещение: 1191407104, Статус: Успешно
2026-06-01 17:56:11,272 [INFO] Найден файл: C:/Users/Lenovo/Desktop/восстановление\recovered_19.docx, Смещение: 1191447040, Статус: Успешно
2026-06-01 17:56:11,301 [INFO] Найден файл: C:/Users/Lenovo/Desktop/восстановление\recovered_20.docx, Смещение: 1191449088, Статус: Успешно
2026-06-01 17:56:11,336 [INFO] Найден файл: C:/Users/Lenovo/Desktop/восстановление\recovered_21.docx, Смещение: 1191469056, Статус: Успешно
2026-06-01 17:56:11,366 [INFO] Найден файл: C:/Users/Lenovo/Desktop/восстановление\recovered_22.docx, Смещение: 1197196288, Статус: Успешно
2026-06-01 17:56:11,392 [INFO] Найден файл: C:/Users/Lenovo/Desktop/восстановление\recovered_23.docx, Смещение: 1197210112, Статус: Успешно
2026-06-01 17:56:11,417 [INFO] Найден файл: C:/Users/Lenovo/Desktop/восстановление\recovered_24.docx, Смещение: 1197227520, Статус: Успешно
2026-06-01 17:56:11,444 [INFO] Найден файл: C:/Users/Lenovo/Desktop/восстановление\recovered_25.docx, Смещение: 1197240832, Статус: Успешно
2026-06-01 17:56:11,473 [INFO] Найден файл: C:/Users/Lenovo/Desktop/восстановление\recovered_26.docx, Смещение: 1197256192, Статус: Успешно
2026-06-01 17:56:11,505 [INFO] Найден файл: C:/Users/Lenovo/Desktop/восстановление\recovered_27.docx, Смещение: 1197348352, Статус: Успешно
2026-06-01 17:56:11,537 [INFO] Найден файл: C:/Users/Lenovo/Desktop/восстановление\recovered_28.docx, Смещение: 1197371392, Статус: Успешно
2026-06-01 17:56:11,555 [INFO] Найден файл: C:/Users/Lenovo/Desktop/восстановление\recovered_15.pdf, Смещение: 1197437440, Статус: Успешно
2026-06-01 17:56:11,573 [INFO] Найден файл: C:/Users/Lenovo/Desktop/восстановление\recovered_16.pdf, Смещение: 1197711360, Статус: Успешно
2026-06-01 17:56:11,590 [INFO] Найден файл: C:/Users/Lenovo/Desktop/восстановление\recovered_17.pdf, Смещение: 1197780480, Статус: Успешно
2026-06-01 17:56:11,606 [INFO] Найден файл: C:/Users/Lenovo/Desktop/восстановление\recovered_18.pdf, Смещение: 1198541312, Статус: Успешно
2026-06-01 17:56:11,627 [INFO] Найден файл: C:/Users/Lenovo/Desktop/восстановление\recovered_19.pdf, Смещение: 1198924288, Статус: Успешно
2026-06-01 17:56:11,644 [INFO] Найден файл: C:/Users/Lenovo/Desktop/восстановление\recovered_20.pdf, Смещение: 1199312896, Статус: Успешно
2026-06-01 17:56:11,660 [INFO] Найден файл: C:/Users/Lenovo/Desktop/восстановление\recovered_21.pdf, Смещение: 1199785472, Статус: Успешно
2026-06-01 17:56:11,676 [INFO] Найден файл: C:/Users/Lenovo/Desktop/восстановление\recovered_22.pdf, Смещение: 1200162816, Статус: Успешно
2026-06-01 17:56:11,694 [INFO] Найден файл: C:/Users/Lenovo/Desktop/восстановление\recovered_23.pdf, Смещение: 1200717312, Статус: Успешно
2026-06-01 17:56:11,717 [INFO] Найден файл: C:/Users/Lenovo/Desktop/восстановление\recovered_24.pdf, Смещение: 1200905728, Статус: Успешно
2026-06-01 17:56:11,753 [INFO] Найден файл: C:/Users/Lenovo/Desktop/восстановление\recovered_29.docx, Смещение: 1201207296, Статус: Успешно
2026-06-01 17:56:11,780 [INFO] Найден файл: C:/Users/Lenovo/Desktop/восстановление\recovered_30.docx, Смещение: 1204298752, Статус: Успешно
2026-06-01 17:56:11,810 [INFO] Найден файл: C:/Users/Lenovo/Desktop/восстановление\recovered_31.docx, Смещение: 1204325888, Статус: Успешно
2026-06-01 17:56:11,838 [INFO] Найден файл: C:/Users/Lenovo/Desktop/восстановление\recovered_32.docx, Смещение: 1204364288, Статус: Успешно
2026-06-01 17:56:11,874 [INFO] Найден файл: C:/Users/Lenovo/Desktop/восстановление\recovered_33.docx, Смещение: 1204402688, Статус: Успешно
2026-06-01 17:56:13,301 [INFO] Операция успешно завершена!
2026-06-01 17:57:02,381 [INFO] Программа закрыта.
