2026-05-30 18:11:04,206 [INFO] Программа запущена.
2026-05-30 18:15:51,921 [INFO] Программа запущена.
2026-05-30 18:16:09,510 [INFO] Программа запущена.
2026-05-30 18:16:14,094 [INFO] Программа запущена.
2026-05-30 18:16:17,493 [INFO] Программа запущена.
2026-05-30 18:16:19,861 [INFO] Программа запущена.
2026-05-30 18:16:20,813 [INFO] Программа запущена.
2026-05-30 18:16:36,200 [INFO] Программа запущена.
2026-05-30 18:18:25,628 [INFO] Программа запущена.
2026-05-30 18:19:41,719 [INFO] Начало создания образа. Источник: C:/Users/Lenovo/Desktop/особенности расслед, Назначение: C:/Users/Lenovo/Desktop/1111.img
2026-05-30 18:19:43,306 [INFO] Операция успешно завершена!
2026-05-30 18:20:26,772 [INFO] Начало восстановления. Источник: C:/Users/Lenovo/Desktop/1111.img, Папка: C:/Users/Lenovo/Desktop/recovery, Типы: {'jpg': False, 'png': False, 'pdf': True, 'zip': False, 'docx': True}
2026-05-30 18:20:26,810 [INFO] Найден файл: C:/Users/Lenovo/Desktop/recovery\recovered_1.docx, Смещение: 0, Статус: Успешно
2026-05-30 18:20:26,834 [INFO] Найден файл: C:/Users/Lenovo/Desktop/recovery\recovered_2.docx, Смещение: 34816, Статус: Успешно
2026-05-30 18:20:26,855 [INFO] Найден файл: C:/Users/Lenovo/Desktop/recovery\recovered_3.docx, Смещение: 56832, Статус: Успешно
2026-05-30 18:20:26,875 [INFO] Найден файл: C:/Users/Lenovo/Desktop/recovery\recovered_4.docx, Смещение: 80384, Статус: Успешно
2026-05-30 18:20:26,896 [INFO] Найден файл: C:/Users/Lenovo/Desktop/recovery\recovered_5.docx, Смещение: 111104, Статус: Успешно
2026-05-30 18:20:26,919 [INFO] Найден файл: C:/Users/Lenovo/Desktop/recovery\recovered_6.docx, Смещение: 132608, Статус: Успешно
2026-05-30 18:20:26,940 [INFO] Найден файл: C:/Users/Lenovo/Desktop/recovery\recovered_7.docx, Смещение: 155136, Статус: Успешно
2026-05-30 18:20:30,305 [INFO] Операция успешно завершена!
2026-05-30 18:22:45,270 [INFO] Программа запущена.
2026-05-30 18:28:43,855 [INFO] Программа закрыта.
2026-05-30 18:30:05,022 [INFO] Программа запущена.
2026-05-30 18:30:14,377 [INFO] Программа закрыта.
2026-05-30 18:36:01,620 [INFO] Программа запущена.
2026-05-31 03:23:42,539 [INFO] Программа закрыта.
2026-05-31 03:31:20,777 [INFO] Программа запущена.
2026-05-31 03:32:42,358 [INFO] Программа закрыта.
2026-05-31 22:43:07,731 [INFO] Программа запущена.
